=== cpu_baseline_profile two-party raw log ===
=== cmd: ./build/bin/cpu_baseline_profile 1 32  &  ./build/bin/cpu_baseline_profile 2 32 ===
=== date: 2026-06-25  bw=32 N=1M warm=1 repeats=3 ===

################ PARTY 1 (ALICE) ################
CPU baseline profile: bw=32, N=1000000 (rext N=1000000), warm=1, repeats=3
--- ring_to_field ---
=== [ring_to_field] profiler summary (party ALICE) ===
[PROFILE] rtf.aux_setup count=3 total_ms=0.015 avg_ms=0.005
[PROFILE] rtf.otpack_setup count=3 total_ms=2206.035 avg_ms=735.345
[PROFILE] rtf.ring_to_field count=3 total_ms=152.939 avg_ms=50.980
[PROFILE] rtf.total count=3 total_ms=2597.926 avg_ms=865.975
--- field_to_ring ---
=== [field_to_ring] profiler summary (party ALICE) ===
[PROFILE] ftr.aux_setup count=3 total_ms=0.015 avg_ms=0.005
[PROFILE] ftr.field_to_ring count=3 total_ms=116.241 avg_ms=38.747
[PROFILE] ftr.otpack_setup count=3 total_ms=2234.776 avg_ms=744.925
[PROFILE] ftr.total count=3 total_ms=2584.201 avg_ms=861.400
--- ring_extension ---
=== [ring_extension] profiler summary (party ALICE) ===
[PROFILE] rext.aux_setup count=3 total_ms=0.013 avg_ms=0.004
[PROFILE] rext.otpack_setup count=3 total_ms=2272.009 avg_ms=757.336
[PROFILE] rext.ring_to_ring128 count=3 total_ms=113.758 avg_ms=37.919
[PROFILE] rext.total count=3 total_ms=2624.215 avg_ms=874.738
--- bole ---
=== [bole] profiler summary (party ALICE) ===
[PROFILE] bole.BOLE count=3 total_ms=2587.388 avg_ms=862.463
[PROFILE] bole.aux_setup count=3 total_ms=29.812 avg_ms=9.937
[PROFILE] bole.field_to_ring count=3 total_ms=261.849 avg_ms=87.283
[PROFILE] bole.otpack_setup count=3 total_ms=2263.225 avg_ms=754.408
[PROFILE] bole.ring_to_field_x count=3 total_ms=266.681 avg_ms=88.894
[PROFILE] bole.total count=3 total_ms=5658.975 avg_ms=1886.325

################ PARTY 2 (BOB) ################
=== [ring_to_field] profiler summary (party BOB) ===
[PROFILE] rtf.aux_setup count=3 total_ms=0.015 avg_ms=0.005
[PROFILE] rtf.otpack_setup count=3 total_ms=2208.273 avg_ms=736.091
[PROFILE] rtf.ring_to_field count=3 total_ms=147.852 avg_ms=49.284
[PROFILE] rtf.total count=3 total_ms=2597.118 avg_ms=865.706
=== [field_to_ring] profiler summary (party BOB) ===
[PROFILE] ftr.aux_setup count=3 total_ms=0.015 avg_ms=0.005
[PROFILE] ftr.field_to_ring count=3 total_ms=130.334 avg_ms=43.445
[PROFILE] ftr.otpack_setup count=3 total_ms=2224.699 avg_ms=741.566
[PROFILE] ftr.total count=3 total_ms=2582.909 avg_ms=860.970
=== [ring_extension] profiler summary (party BOB) ===
[PROFILE] rext.aux_setup count=3 total_ms=0.014 avg_ms=0.005
[PROFILE] rext.otpack_setup count=3 total_ms=2274.833 avg_ms=758.278
[PROFILE] rext.ring_to_ring128 count=3 total_ms=107.609 avg_ms=35.870
[PROFILE] rext.total count=3 total_ms=2636.407 avg_ms=878.802
=== [bole] profiler summary (party BOB) ===
[PROFILE] bole.BOLE count=3 total_ms=2744.601 avg_ms=914.867
[PROFILE] bole.aux_setup count=3 total_ms=15.793 avg_ms=5.264
[PROFILE] bole.field_to_ring count=3 total_ms=108.808 avg_ms=36.269
[PROFILE] bole.otpack_setup count=3 total_ms=2245.225 avg_ms=748.408
[PROFILE] bole.ring_to_field_x count=3 total_ms=296.299 avg_ms=98.766
[PROFILE] bole.total count=3 total_ms=5643.333 avg_ms=1881.111
